Command line invocation:
    /Applications/Xcode_16.4.app/Contents/Developer/usr/bin/xcodebuild -project WearMemory.xcodeproj -scheme WearMemory -configuration Release -sdk iphoneos -destination generic/platform=iOS -derivedDataPath build/DerivedData CODE_SIGNING_ALLOWED=NO CODE_SIGNING_REQUIRED=NO TARGETED_DEVICE_FAMILY=1 build

Build settings from command line:
    CODE_SIGNING_ALLOWED = NO
    CODE_SIGNING_REQUIRED = NO
    SDKROOT = iphoneos18.5
    TARGETED_DEVICE_FAMILY = 1

ComputePackagePrebuildTargetDependencyGraph

Prepare packages

CreateBuildRequest

SendProjectDescription

CreateBuildOperation

ComputeTargetDependencyGraph
note: Building targets in dependency order
note: Target dependency graph (1 target)
    Target 'WearMemory' in project 'WearMemory' (no dependencies)

GatherProvisioningInputs

CreateBuildDescription

ExecuteExternalTool /Applications/Xcode_16.4.app/Contents/Developer/Toolchains/XcodeDefault.xctoolchain/usr/bin/swiftc --version

ExecuteExternalTool /Applications/Xcode_16.4.app/Contents/Developer/Toolchains/XcodeDefault.xctoolchain/usr/bin/clang -v -E -dM -isysroot /Applications/Xcode_16.4.app/Contents/Developer/Platforms/iPhoneOS.platform/Developer/SDKs/iPhoneOS18.5.sdk -x c -c /dev/null

ExecuteExternalTool /Applications/Xcode_16.4.app/Contents/Developer/Toolchains/XcodeDefault.xctoolchain/usr/bin/ld -version_details

Build description signature: 2d0361f7070afd4baeea3c903d3f4b25
Build description path: /tmp/wm165/build/DerivedData/Build/Intermediates.noindex/XCBuildData/2d0361f7070afd4baeea3c903d3f4b25.xcbuilddata
ClangStatCache /Applications/Xcode_16.4.app/Contents/Developer/Toolchains/XcodeDefault.xctoolchain/usr/bin/clang-stat-cache /Applications/Xcode_16.4.app/Contents/Developer/Platforms/iPhoneOS.platform/Developer/SDKs/iPhoneOS18.5.sdk /tmp/wm165/build/DerivedData/SDKStatCaches.noindex/iphoneos18.5-22F76-a529daf784b3616c7c04a36aeb7f5c05.sdkstatcache
    cd /tmp/wm165/WearMemory.xcodeproj
    /Applications/Xcode_16.4.app/Contents/Developer/Toolchains/XcodeDefault.xctoolchain/usr/bin/clang-stat-cache /Applications/Xcode_16.4.app/Contents/Developer/Platforms/iPhoneOS.platform/Developer/SDKs/iPhoneOS18.5.sdk -o /tmp/wm165/build/DerivedData/SDKStatCaches.noindex/iphoneos18.5-22F76-a529daf784b3616c7c04a36aeb7f5c05.sdkstatcache

CreateBuildDirectory /tmp/wm165/build/DerivedData/Build/Products
    cd /tmp/wm165/WearMemory.xcodeproj
    builtin-create-build-directory /tmp/wm165/build/DerivedData/Build/Products

CreateBuildDirectory /tmp/wm165/build/DerivedData/Build/Intermediates.noindex
    cd /tmp/wm165/WearMemory.xcodeproj
    builtin-create-build-directory /tmp/wm165/build/DerivedData/Build/Intermediates.noindex

CreateBuildDirectory /tmp/wm165/build/DerivedData/Build/Products/Release-iphoneos
    cd /tmp/wm165/WearMemory.xcodeproj
    builtin-create-build-directory /tmp/wm165/build/DerivedData/Build/Products/Release-iphoneos

WriteAuxiliaryFile /tmp/wm165/build/DerivedData/Build/Intermediates.noindex/WearMemory.build/Release-iphoneos/WearMemory-7c0290c2480c1fe29033384dd417ab2a-VFS-iphoneos/all-product-headers.yaml
    cd /tmp/wm165/WearMemory.xcodeproj
    write-file /tmp/wm165/build/DerivedData/Build/Intermediates.noindex/WearMemory.build/Release-iphoneos/WearMemory-7c0290c2480c1fe29033384dd417ab2a-VFS-iphoneos/all-product-headers.yaml

CreateBuildDirectory /tmp/wm165/build/DerivedData/Build/Intermediates.noindex/EagerLinkingTBDs/Release-iphoneos
    cd /tmp/wm165/WearMemory.xcodeproj
    builtin-create-build-directory /tmp/wm165/build/DerivedData/Build/Intermediates.noindex/EagerLinkingTBDs/Release-iphoneos

WriteAuxiliaryFile /tmp/wm165/build/DerivedData/Build/Intermediates.noindex/WearMemory.build/Release-iphoneos/WearMemory.build/WearMemory.hmap (in target 'WearMemory' from project 'WearMemory')
    cd /tmp/wm165
    write-file /tmp/wm165/build/DerivedData/Build/Intermediates.noindex/WearMemory.build/Release-iphoneos/WearMemory.build/WearMemory.hmap

WriteAuxiliaryFile /tmp/wm165/build/DerivedData/Build/Intermediates.noindex/WearMemory.build/Release-iphoneos/WearMemory.build/WearMemory.DependencyStaticMetadataFileList (in target 'WearMemory' from project 'WearMemory')
    cd /tmp/wm165
    write-file /tmp/wm165/build/DerivedData/Build/Intermediates.noindex/WearMemory.build/Release-iphoneos/WearMemory.build/WearMemory.DependencyStaticMetadataFileList

WriteAuxiliaryFile /tmp/wm165/build/DerivedData/Build/Intermediates.noindex/WearMemory.build/Release-iphoneos/WearMemory.build/WearMemory.DependencyMetadataFileList (in target 'WearMemory' from project 'WearMemory')
    cd /tmp/wm165
    write-file /tmp/wm165/build/DerivedData/Build/Intermediates.noindex/WearMemory.build/Release-iphoneos/WearMemory.build/WearMemory.DependencyMetadataFileList

WriteAuxiliaryFile /tmp/wm165/build/DerivedData/Build/Intermediates.noindex/WearMemory.build/Release-iphoneos/WearMemory.build/WearMemory-project-headers.hmap (in target 'WearMemory' from project 'WearMemory')
    cd /tmp/wm165
    write-file /tmp/wm165/build/DerivedData/Build/Intermediates.noindex/WearMemory.build/Release-iphoneos/WearMemory.build/WearMemory-project-headers.hmap

WriteAuxiliaryFile /tmp/wm165/build/DerivedData/Build/Intermediates.noindex/WearMemory.build/Release-iphoneos/WearMemory.build/WearMemory-own-target-headers.hmap (in target 'WearMemory' from project 'WearMemory')
    cd /tmp/wm165
    write-file /tmp/wm165/build/DerivedData/Build/Intermediates.noindex/WearMemory.build/Release-iphoneos/WearMemory.build/WearMemory-own-target-headers.hmap

WriteAuxiliaryFile /tmp/wm165/build/DerivedData/Build/Intermediates.noindex/WearMemory.build/Release-iphoneos/WearMemory.build/WearMemory-generated-files.hmap (in target 'WearMemory' from project 'WearMemory')
    cd /tmp/wm165
    write-file /tmp/wm165/build/DerivedData/Build/Intermediates.noindex/WearMemory.build/Release-iphoneos/WearMemory.build/WearMemory-generated-files.hmap

WriteAuxiliaryFile /tmp/wm165/build/DerivedData/Build/Intermediates.noindex/WearMemory.build/Release-iphoneos/WearMemory.build/WearMemory-all-target-headers.hmap (in target 'WearMemory' from project 'WearMemory')
    cd /tmp/wm165
    write-file /tmp/wm165/build/DerivedData/Build/Intermediates.noindex/WearMemory.build/Release-iphoneos/WearMemory.build/WearMemory-all-target-headers.hmap

WriteAuxiliaryFile /tmp/wm165/build/DerivedData/Build/Intermediates.noindex/WearMemory.build/Release-iphoneos/WearMemory.build/WearMemory-all-non-framework-target-headers.hmap (in target 'WearMemory' from project 'WearMemory')
    cd /tmp/wm165
    write-file /tmp/wm165/build/DerivedData/Build/Intermediates.noindex/WearMemory.build/Release-iphoneos/WearMemory.build/WearMemory-all-non-framework-target-headers.hmap

WriteAuxiliaryFile /tmp/wm165/build/DerivedData/Build/Intermediates.noindex/WearMemory.build/Release-iphoneos/WearMemory.build/Objects-normal/arm64/WearMemory_const_extract_protocols.json (in target 'WearMemory' from project 'WearMemory')
    cd /tmp/wm165
    write-file /tmp/wm165/build/DerivedData/Build/Intermediates.noindex/WearMemory.build/Release-iphoneos/WearMemory.build/Objects-normal/arm64/WearMemory_const_extract_protocols.json

WriteAuxiliaryFile /tmp/wm165/build/DerivedData/Build/Intermediates.noindex/WearMemory.build/Release-iphoneos/WearMemory.build/Objects-normal/arm64/WearMemory.SwiftFileList (in target 'WearMemory' from project 'WearMemory')
    cd /tmp/wm165
    write-file /tmp/wm165/build/DerivedData/Build/Intermediates.noindex/WearMemory.build/Release-iphoneos/WearMemory.build/Objects-normal/arm64/WearMemory.SwiftFileList

WriteAuxiliaryFile /tmp/wm165/build/DerivedData/Build/Intermediates.noindex/WearMemory.build/Release-iphoneos/WearMemory.build/Objects-normal/arm64/WearMemory.SwiftConstValuesFileList (in target 'WearMemory' from project 'WearMemory')
    cd /tmp/wm165
    write-file /tmp/wm165/build/DerivedData/Build/Intermediates.noindex/WearMemory.build/Release-iphoneos/WearMemory.build/Objects-normal/arm64/WearMemory.SwiftConstValuesFileList

WriteAuxiliaryFile /tmp/wm165/build/DerivedData/Build/Intermediates.noindex/WearMemory.build/Release-iphoneos/WearMemory.build/Objects-normal/arm64/WearMemory.LinkFileList (in target 'WearMemory' from project 'WearMemory')
    cd /tmp/wm165
    write-file /tmp/wm165/build/DerivedData/Build/Intermediates.noindex/WearMemory.build/Release-iphoneos/WearMemory.build/Objects-normal/arm64/WearMemory.LinkFileList

WriteAuxiliaryFile /tmp/wm165/build/DerivedData/Build/Intermediates.noindex/WearMemory.build/Release-iphoneos/WearMemory.build/Objects-normal/arm64/WearMemory-OutputFileMap.json (in target 'WearMemory' from project 'WearMemory')
    cd /tmp/wm165
    write-file /tmp/wm165/build/DerivedData/Build/Intermediates.noindex/WearMemory.build/Release-iphoneos/WearMemory.build/Objects-normal/arm64/WearMemory-OutputFileMap.json

MkDir /tmp/wm165/build/DerivedData/Build/Products/Release-iphoneos/WearMemory.app (in target 'WearMemory' from project 'WearMemory')
    cd /tmp/wm165
    /bin/mkdir -p /tmp/wm165/build/DerivedData/Build/Products/Release-iphoneos/WearMemory.app

ProcessInfoPlistFile /tmp/wm165/build/DerivedData/Build/Products/Release-iphoneos/WearMemory.app/Info.plist /tmp/wm165/WearMemory/Info.plist (in target 'WearMemory' from project 'WearMemory')
    cd /tmp/wm165
    builtin-infoPlistUtility /tmp/wm165/WearMemory/Info.plist -producttype com.apple.product-type.application -genpkginfo /tmp/wm165/build/DerivedData/Build/Products/Release-iphoneos/WearMemory.app/PkgInfo -expandbuildsettings -format binary -platform iphoneos -requiredArchitecture arm64 -o /tmp/wm165/build/DerivedData/Build/Products/Release-iphoneos/WearMemory.app/Info.plist

SwiftDriver WearMemory normal arm64 com.apple.xcode.tools.swift.compiler (in target 'WearMemory' from project 'WearMemory')
    cd /tmp/wm165
    builtin-SwiftDriver -- /Applications/Xcode_16.4.app/Contents/Developer/Toolchains/XcodeDefault.xctoolchain/usr/bin/swiftc -module-name WearMemory -O -whole-module-optimization -enforce-exclusivity\=checked @/tmp/wm165/build/DerivedData/Build/Intermediates.noindex/WearMemory.build/Release-iphoneos/WearMemory.build/Objects-normal/arm64/WearMemory.SwiftFileList -enable-bare-slash-regex -enable-experimental-feature DebugDescriptionMacro -sdk /Applications/Xcode_16.4.app/Contents/Developer/Platforms/iPhoneOS.platform/Developer/SDKs/iPhoneOS18.5.sdk -target arm64-apple-ios15.0 -g -module-cache-path /tmp/wm165/build/DerivedData/ModuleCache.noindex -Xfrontend -serialize-debugging-options -swift-version 5 -I /tmp/wm165/build/DerivedData/Build/Products/Release-iphoneos -F /tmp/wm165/build/DerivedData/Build/Products/Release-iphoneos -c -num-threads 3 -Xcc -ivfsstatcache -Xcc /tmp/wm165/build/DerivedData/SDKStatCaches.noindex/iphoneos18.5-22F76-a529daf784b3616c7c04a36aeb7f5c05.sdkstatcache -output-file-map /tmp/wm165/build/DerivedData/Build/Intermediates.noindex/WearMemory.build/Release-iphoneos/WearMemory.build/Objects-normal/arm64/WearMemory-OutputFileMap.json -use-frontend-parseable-output -save-temps -no-color-diagnostics -serialize-diagnostics -emit-dependencies -emit-module -emit-module-path /tmp/wm165/build/DerivedData/Build/Intermediates.noindex/WearMemory.build/Release-iphoneos/WearMemory.build/Objects-normal/arm64/WearMemory.swiftmodule -validate-clang-modules-once -clang-build-session-file /tmp/wm165/build/DerivedData/ModuleCache.noindex/Session.modulevalidation -Xcc -I/tmp/wm165/build/DerivedData/Build/Intermediates.noindex/WearMemory.build/Release-iphoneos/WearMemory.build/swift-overrides.hmap -emit-const-values -Xfrontend -const-gather-protocols-file -Xfrontend /tmp/wm165/build/DerivedData/Build/Intermediates.noindex/WearMemory.build/Release-iphoneos/WearMemory.build/Objects-normal/arm64/WearMemory_const_extract_protocols.json -Xcc -iquote -Xcc /tmp/wm165/build/DerivedData/Build/Intermediates.noindex/WearMemory.build/Release-iphoneos/WearMemory.build/WearMemory-generated-files.hmap -Xcc -I/tmp/wm165/build/DerivedData/Build/Intermediates.noindex/WearMemory.build/Release-iphoneos/WearMemory.build/WearMemory-own-target-headers.hmap -Xcc -I/tmp/wm165/build/DerivedData/Build/Intermediates.noindex/WearMemory.build/Release-iphoneos/WearMemory.build/WearMemory-all-target-headers.hmap -Xcc -iquote -Xcc /tmp/wm165/build/DerivedData/Build/Intermediates.noindex/WearMemory.build/Release-iphoneos/WearMemory.build/WearMemory-project-headers.hmap -Xcc -I/tmp/wm165/build/DerivedData/Build/Products/Release-iphoneos/include -Xcc -I/tmp/wm165/build/DerivedData/Build/Intermediates.noindex/WearMemory.build/Release-iphoneos/WearMemory.build/DerivedSources-normal/arm64 -Xcc -I/tmp/wm165/build/DerivedData/Build/Intermediates.noindex/WearMemory.build/Release-iphoneos/WearMemory.build/DerivedSources/arm64 -Xcc -I/tmp/wm165/build/DerivedData/Build/Intermediates.noindex/WearMemory.build/Release-iphoneos/WearMemory.build/DerivedSources -emit-objc-header -emit-objc-header-path /tmp/wm165/build/DerivedData/Build/Intermediates.noindex/WearMemory.build/Release-iphoneos/WearMemory.build/Objects-normal/arm64/WearMemory-Swift.h -working-directory /tmp/wm165 -no-emit-module-separately-wmo

SwiftCompile normal arm64 Compiling\ AppModel.swift,\ AudioBufferManager.swift,\ CameraPicker.swift,\ ContentView.swift,\ DailyLogStore.swift,\ ExternalAudioFolderStore.swift,\ ExternalTextFolderStore.swift,\ GoogleDriveSync.swift,\ MediaConfirmationView.swift,\ MediaStore.swift,\ Models.swift,\ ShareSheet.swift,\ TranscriptionService.swift,\ WearMemoryApp.swift,\ WearMemoryAppDelegate.swift /tmp/wm165/WearMemory/AppModel.swift /tmp/wm165/WearMemory/AudioBufferManager.swift /tmp/wm165/WearMemory/CameraPicker.swift /tmp/wm165/WearMemory/ContentView.swift /tmp/wm165/WearMemory/DailyLogStore.swift /tmp/wm165/WearMemory/ExternalAudioFolderStore.swift /tmp/wm165/WearMemory/ExternalTextFolderStore.swift /tmp/wm165/WearMemory/GoogleDriveSync.swift /tmp/wm165/WearMemory/MediaConfirmationView.swift /tmp/wm165/WearMemory/MediaStore.swift /tmp/wm165/WearMemory/Models.swift /tmp/wm165/WearMemory/ShareSheet.swift /tmp/wm165/WearMemory/TranscriptionService.swift /tmp/wm165/WearMemory/WearMemoryApp.swift /tmp/wm165/WearMemory/WearMemoryAppDelegate.swift (in target 'WearMemory' from project 'WearMemory')

CompileSwift normal arm64 (in target 'WearMemory' from project 'WearMemory')
    cd /tmp/wm165
    
/tmp/wm165/WearMemory/DailyLogStore.swift:73:13: warning: result of 'try?' is unused
            try? handle.seekToEnd()
            ^~~~~~~~~~~~~~~~~~~~~~~
/tmp/wm165/WearMemory/DailyLogStore.swift:113:13: warning: result of 'try?' is unused
            try? handle.seekToEnd()
            ^~~~~~~~~~~~~~~~~~~~~~~

SwiftDriver\ Compilation WearMemory normal arm64 com.apple.xcode.tools.swift.compiler (in target 'WearMemory' from project 'WearMemory')
    cd /tmp/wm165
    builtin-Swift-Compilation -- /Applications/Xcode_16.4.app/Contents/Developer/Toolchains/XcodeDefault.xctoolchain/usr/bin/swiftc -module-name WearMemory -O -whole-module-optimization -enforce-exclusivity\=checked @/tmp/wm165/build/DerivedData/Build/Intermediates.noindex/WearMemory.build/Release-iphoneos/WearMemory.build/Objects-normal/arm64/WearMemory.SwiftFileList -enable-bare-slash-regex -enable-experimental-feature DebugDescriptionMacro -sdk /Applications/Xcode_16.4.app/Contents/Developer/Platforms/iPhoneOS.platform/Developer/SDKs/iPhoneOS18.5.sdk -target arm64-apple-ios15.0 -g -module-cache-path /tmp/wm165/build/DerivedData/ModuleCache.noindex -Xfrontend -serialize-debugging-options -swift-version 5 -I /tmp/wm165/build/DerivedData/Build/Products/Release-iphoneos -F /tmp/wm165/build/DerivedData/Build/Products/Release-iphoneos -c -num-threads 3 -Xcc -ivfsstatcache -Xcc /tmp/wm165/build/DerivedData/SDKStatCaches.noindex/iphoneos18.5-22F76-a529daf784b3616c7c04a36aeb7f5c05.sdkstatcache -output-file-map /tmp/wm165/build/DerivedData/Build/Intermediates.noindex/WearMemory.build/Release-iphoneos/WearMemory.build/Objects-normal/arm64/WearMemory-OutputFileMap.json -use-frontend-parseable-output -save-temps -no-color-diagnostics -serialize-diagnostics -emit-dependencies -emit-module -emit-module-path /tmp/wm165/build/DerivedData/Build/Intermediates.noindex/WearMemory.build/Release-iphoneos/WearMemory.build/Objects-normal/arm64/WearMemory.swiftmodule -validate-clang-modules-once -clang-build-session-file /tmp/wm165/build/DerivedData/ModuleCache.noindex/Session.modulevalidation -Xcc -I/tmp/wm165/build/DerivedData/Build/Intermediates.noindex/WearMemory.build/Release-iphoneos/WearMemory.build/swift-overrides.hmap -emit-const-values -Xfrontend -const-gather-protocols-file -Xfrontend /tmp/wm165/build/DerivedData/Build/Intermediates.noindex/WearMemory.build/Release-iphoneos/WearMemory.build/Objects-normal/arm64/WearMemory_const_extract_protocols.json -Xcc -iquote -Xcc /tmp/wm165/build/DerivedData/Build/Intermediates.noindex/WearMemory.build/Release-iphoneos/WearMemory.build/WearMemory-generated-files.hmap -Xcc -I/tmp/wm165/build/DerivedData/Build/Intermediates.noindex/WearMemory.build/Release-iphoneos/WearMemory.build/WearMemory-own-target-headers.hmap -Xcc -I/tmp/wm165/build/DerivedData/Build/Intermediates.noindex/WearMemory.build/Release-iphoneos/WearMemory.build/WearMemory-all-target-headers.hmap -Xcc -iquote -Xcc /tmp/wm165/build/DerivedData/Build/Intermediates.noindex/WearMemory.build/Release-iphoneos/WearMemory.build/WearMemory-project-headers.hmap -Xcc -I/tmp/wm165/build/DerivedData/Build/Products/Release-iphoneos/include -Xcc -I/tmp/wm165/build/DerivedData/Build/Intermediates.noindex/WearMemory.build/Release-iphoneos/WearMemory.build/DerivedSources-normal/arm64 -Xcc -I/tmp/wm165/build/DerivedData/Build/Intermediates.noindex/WearMemory.build/Release-iphoneos/WearMemory.build/DerivedSources/arm64 -Xcc -I/tmp/wm165/build/DerivedData/Build/Intermediates.noindex/WearMemory.build/Release-iphoneos/WearMemory.build/DerivedSources -emit-objc-header -emit-objc-header-path /tmp/wm165/build/DerivedData/Build/Intermediates.noindex/WearMemory.build/Release-iphoneos/WearMemory.build/Objects-normal/arm64/WearMemory-Swift.h -working-directory /tmp/wm165 -no-emit-module-separately-wmo

SwiftDriverJobDiscovery normal arm64 Compiling AppModel.swift, AudioBufferManager.swift, CameraPicker.swift, ContentView.swift, DailyLogStore.swift, ExternalAudioFolderStore.swift, ExternalTextFolderStore.swift, GoogleDriveSync.swift, MediaConfirmationView.swift, MediaStore.swift, Models.swift, ShareSheet.swift, TranscriptionService.swift, WearMemoryApp.swift, WearMemoryAppDelegate.swift (in target 'WearMemory' from project 'WearMemory')

SwiftDriver\ Compilation\ Requirements WearMemory normal arm64 com.apple.xcode.tools.swift.compiler (in target 'WearMemory' from project 'WearMemory')
    cd /tmp/wm165
    builtin-Swift-Compilation-Requirements -- /Applications/Xcode_16.4.app/Contents/Developer/Toolchains/XcodeDefault.xctoolchain/usr/bin/swiftc -module-name WearMemory -O -whole-module-optimization -enforce-exclusivity\=checked @/tmp/wm165/build/DerivedData/Build/Intermediates.noindex/WearMemory.build/Release-iphoneos/WearMemory.build/Objects-normal/arm64/WearMemory.SwiftFileList -enable-bare-slash-regex -enable-experimental-feature DebugDescriptionMacro -sdk /Applications/Xcode_16.4.app/Contents/Developer/Platforms/iPhoneOS.platform/Developer/SDKs/iPhoneOS18.5.sdk -target arm64-apple-ios15.0 -g -module-cache-path /tmp/wm165/build/DerivedData/ModuleCache.noindex -Xfrontend -serialize-debugging-options -swift-version 5 -I /tmp/wm165/build/DerivedData/Build/Products/Release-iphoneos -F /tmp/wm165/build/DerivedData/Build/Products/Release-iphoneos -c -num-threads 3 -Xcc -ivfsstatcache -Xcc /tmp/wm165/build/DerivedData/SDKStatCaches.noindex/iphoneos18.5-22F76-a529daf784b3616c7c04a36aeb7f5c05.sdkstatcache -output-file-map /tmp/wm165/build/DerivedData/Build/Intermediates.noindex/WearMemory.build/Release-iphoneos/WearMemory.build/Objects-normal/arm64/WearMemory-OutputFileMap.json -use-frontend-parseable-output -save-temps -no-color-diagnostics -serialize-diagnostics -emit-dependencies -emit-module -emit-module-path /tmp/wm165/build/DerivedData/Build/Intermediates.noindex/WearMemory.build/Release-iphoneos/WearMemory.build/Objects-normal/arm64/WearMemory.swiftmodule -validate-clang-modules-once -clang-build-session-file /tmp/wm165/build/DerivedData/ModuleCache.noindex/Session.modulevalidation -Xcc -I/tmp/wm165/build/DerivedData/Build/Intermediates.noindex/WearMemory.build/Release-iphoneos/WearMemory.build/swift-overrides.hmap -emit-const-values -Xfrontend -const-gather-protocols-file -Xfrontend /tmp/wm165/build/DerivedData/Build/Intermediates.noindex/WearMemory.build/Release-iphoneos/WearMemory.build/Objects-normal/arm64/WearMemory_const_extract_protocols.json -Xcc -iquote -Xcc /tmp/wm165/build/DerivedData/Build/Intermediates.noindex/WearMemory.build/Release-iphoneos/WearMemory.build/WearMemory-generated-files.hmap -Xcc -I/tmp/wm165/build/DerivedData/Build/Intermediates.noindex/WearMemory.build/Release-iphoneos/WearMemory.build/WearMemory-own-target-headers.hmap -Xcc -I/tmp/wm165/build/DerivedData/Build/Intermediates.noindex/WearMemory.build/Release-iphoneos/WearMemory.build/WearMemory-all-target-headers.hmap -Xcc -iquote -Xcc /tmp/wm165/build/DerivedData/Build/Intermediates.noindex/WearMemory.build/Release-iphoneos/WearMemory.build/WearMemory-project-headers.hmap -Xcc -I/tmp/wm165/build/DerivedData/Build/Products/Release-iphoneos/include -Xcc -I/tmp/wm165/build/DerivedData/Build/Intermediates.noindex/WearMemory.build/Release-iphoneos/WearMemory.build/DerivedSources-normal/arm64 -Xcc -I/tmp/wm165/build/DerivedData/Build/Intermediates.noindex/WearMemory.build/Release-iphoneos/WearMemory.build/DerivedSources/arm64 -Xcc -I/tmp/wm165/build/DerivedData/Build/Intermediates.noindex/WearMemory.build/Release-iphoneos/WearMemory.build/DerivedSources -emit-objc-header -emit-objc-header-path /tmp/wm165/build/DerivedData/Build/Intermediates.noindex/WearMemory.build/Release-iphoneos/WearMemory.build/Objects-normal/arm64/WearMemory-Swift.h -working-directory /tmp/wm165 -no-emit-module-separately-wmo

SwiftMergeGeneratedHeaders /tmp/wm165/build/DerivedData/Build/Intermediates.noindex/WearMemory.build/Release-iphoneos/WearMemory.build/DerivedSources/WearMemory-Swift.h /tmp/wm165/build/DerivedData/Build/Intermediates.noindex/WearMemory.build/Release-iphoneos/WearMemory.build/Objects-normal/arm64/WearMemory-Swift.h (in target 'WearMemory' from project 'WearMemory')
    cd /tmp/wm165
    builtin-swiftHeaderTool -arch arm64 /tmp/wm165/build/DerivedData/Build/Intermediates.noindex/WearMemory.build/Release-iphoneos/WearMemory.build/Objects-normal/arm64/WearMemory-Swift.h -o /tmp/wm165/build/DerivedData/Build/Intermediates.noindex/WearMemory.build/Release-iphoneos/WearMemory.build/DerivedSources/WearMemory-Swift.h

Copy /tmp/wm165/build/DerivedData/Build/Products/Release-iphoneos/WearMemory.swiftmodule/arm64-apple-ios.swiftdoc /tmp/wm165/build/DerivedData/Build/Intermediates.noindex/WearMemory.build/Release-iphoneos/WearMemory.build/Objects-normal/arm64/WearMemory.swiftdoc (in target 'WearMemory' from project 'WearMemory')
    cd /tmp/wm165
    builtin-copy -exclude .DS_Store -exclude CVS -exclude .svn -exclude .git -exclude .hg -resolve-src-symlinks -rename /tmp/wm165/build/DerivedData/Build/Intermediates.noindex/WearMemory.build/Release-iphoneos/WearMemory.build/Objects-normal/arm64/WearMemory.swiftdoc /tmp/wm165/build/DerivedData/Build/Products/Release-iphoneos/WearMemory.swiftmodule/arm64-apple-ios.swiftdoc

Copy /tmp/wm165/build/DerivedData/Build/Products/Release-iphoneos/WearMemory.swiftmodule/arm64-apple-ios.swiftmodule /tmp/wm165/build/DerivedData/Build/Intermediates.noindex/WearMemory.build/Release-iphoneos/WearMemory.build/Objects-normal/arm64/WearMemory.swiftmodule (in target 'WearMemory' from project 'WearMemory')
    cd /tmp/wm165
    builtin-copy -exclude .DS_Store -exclude CVS -exclude .svn -exclude .git -exclude .hg -resolve-src-symlinks -rename /tmp/wm165/build/DerivedData/Build/Intermediates.noindex/WearMemory.build/Release-iphoneos/WearMemory.build/Objects-normal/arm64/WearMemory.swiftmodule /tmp/wm165/build/DerivedData/Build/Products/Release-iphoneos/WearMemory.swiftmodule/arm64-apple-ios.swiftmodule

Copy /tmp/wm165/build/DerivedData/Build/Products/Release-iphoneos/WearMemory.swiftmodule/arm64-apple-ios.abi.json /tmp/wm165/build/DerivedData/Build/Intermediates.noindex/WearMemory.build/Release-iphoneos/WearMemory.build/Objects-normal/arm64/WearMemory.abi.json (in target 'WearMemory' from project 'WearMemory')
    cd /tmp/wm165
    builtin-copy -exclude .DS_Store -exclude CVS -exclude .svn -exclude .git -exclude .hg -resolve-src-symlinks -rename /tmp/wm165/build/DerivedData/Build/Intermediates.noindex/WearMemory.build/Release-iphoneos/WearMemory.build/Objects-normal/arm64/WearMemory.abi.json /tmp/wm165/build/DerivedData/Build/Products/Release-iphoneos/WearMemory.swiftmodule/arm64-apple-ios.abi.json

Copy /tmp/wm165/build/DerivedData/Build/Products/Release-iphoneos/WearMemory.swiftmodule/Project/arm64-apple-ios.swiftsourceinfo /tmp/wm165/build/DerivedData/Build/Intermediates.noindex/WearMemory.build/Release-iphoneos/WearMemory.build/Objects-normal/arm64/WearMemory.swiftsourceinfo (in target 'WearMemory' from project 'WearMemory')
    cd /tmp/wm165
    builtin-copy -exclude .DS_Store -exclude CVS -exclude .svn -exclude .git -exclude .hg -resolve-src-symlinks -rename /tmp/wm165/build/DerivedData/Build/Intermediates.noindex/WearMemory.build/Release-iphoneos/WearMemory.build/Objects-normal/arm64/WearMemory.swiftsourceinfo /tmp/wm165/build/DerivedData/Build/Products/Release-iphoneos/WearMemory.swiftmodule/Project/arm64-apple-ios.swiftsourceinfo

Ld /tmp/wm165/build/DerivedData/Build/Products/Release-iphoneos/WearMemory.app/WearMemory normal (in target 'WearMemory' from project 'WearMemory')
    cd /tmp/wm165
    /Applications/Xcode_16.4.app/Contents/Developer/Toolchains/XcodeDefault.xctoolchain/usr/bin/clang -Xlinker -reproducible -target arm64-apple-ios15.0 -isysroot /Applications/Xcode_16.4.app/Contents/Developer/Platforms/iPhoneOS.platform/Developer/SDKs/iPhoneOS18.5.sdk -Os -L/tmp/wm165/build/DerivedData/Build/Intermediates.noindex/EagerLinkingTBDs/Release-iphoneos -L/tmp/wm165/build/DerivedData/Build/Products/Release-iphoneos -F/tmp/wm165/build/DerivedData/Build/Intermediates.noindex/EagerLinkingTBDs/Release-iphoneos -F/tmp/wm165/build/DerivedData/Build/Products/Release-iphoneos -filelist /tmp/wm165/build/DerivedData/Build/Intermediates.noindex/WearMemory.build/Release-iphoneos/WearMemory.build/Objects-normal/arm64/WearMemory.LinkFileList -Xlinker -rpath -Xlinker @executable_path/Frameworks -dead_strip -Xlinker -object_path_lto -Xlinker /tmp/wm165/build/DerivedData/Build/Intermediates.noindex/WearMemory.build/Release-iphoneos/WearMemory.build/Objects-normal/arm64/WearMemory_lto.o -Xlinker -dependency_info -Xlinker /tmp/wm165/build/DerivedData/Build/Intermediates.noindex/WearMemory.build/Release-iphoneos/WearMemory.build/Objects-normal/arm64/WearMemory_dependency_info.dat -fobjc-link-runtime -L/Applications/Xcode_16.4.app/Contents/Developer/Toolchains/XcodeDefault.xctoolchain/usr/lib/swift/iphoneos -L/usr/lib/swift -Xlinker -add_ast_path -Xlinker /tmp/wm165/build/DerivedData/Build/Intermediates.noindex/WearMemory.build/Release-iphoneos/WearMemory.build/Objects-normal/arm64/WearMemory.swiftmodule -o /tmp/wm165/build/DerivedData/Build/Products/Release-iphoneos/WearMemory.app/WearMemory

CopySwiftLibs /tmp/wm165/build/DerivedData/Build/Products/Release-iphoneos/WearMemory.app (in target 'WearMemory' from project 'WearMemory')
    cd /tmp/wm165
    builtin-swiftStdLibTool --copy --verbose --scan-executable /tmp/wm165/build/DerivedData/Build/Products/Release-iphoneos/WearMemory.app/WearMemory --scan-folder /tmp/wm165/build/DerivedData/Build/Products/Release-iphoneos/WearMemory.app/Frameworks --scan-folder /tmp/wm165/build/DerivedData/Build/Products/Release-iphoneos/WearMemory.app/PlugIns --scan-folder /tmp/wm165/build/DerivedData/Build/Products/Release-iphoneos/WearMemory.app/SystemExtensions --scan-folder /tmp/wm165/build/DerivedData/Build/Products/Release-iphoneos/WearMemory.app/Extensions --platform iphoneos --toolchain /Applications/Xcode_16.4.app/Contents/Developer/Toolchains/XcodeDefault.xctoolchain --destination /tmp/wm165/build/DerivedData/Build/Products/Release-iphoneos/WearMemory.app/Frameworks --strip-bitcode --strip-bitcode-tool /Applications/Xcode_16.4.app/Contents/Developer/Toolchains/XcodeDefault.xctoolchain/usr/bin/bitcode_strip --emit-dependency-info /tmp/wm165/build/DerivedData/Build/Intermediates.noindex/WearMemory.build/Release-iphoneos/WearMemory.build/SwiftStdLibToolInputDependencies.dep --filter-for-swift-os
Ignoring --strip-bitcode because --sign was not passed

ExtractAppIntentsMetadata (in target 'WearMemory' from project 'WearMemory')
    cd /tmp/wm165
    /Applications/Xcode_16.4.app/Contents/Developer/Toolchains/XcodeDefault.xctoolchain/usr/bin/appintentsmetadataprocessor --toolchain-dir /Applications/Xcode_16.4.app/Contents/Developer/Toolchains/XcodeDefault.xctoolchain --module-name WearMemory --sdk-root /Applications/Xcode_16.4.app/Contents/Developer/Platforms/iPhoneOS.platform/Developer/SDKs/iPhoneOS18.5.sdk --xcode-version 16F6 --platform-family iOS --deployment-target 15.0 --bundle-identifier local.pavel.WearMemory --output /tmp/wm165/build/DerivedData/Build/Products/Release-iphoneos/WearMemory.app --target-triple arm64-apple-ios15.0 --binary-file /tmp/wm165/build/DerivedData/Build/Products/Release-iphoneos/WearMemory.app/WearMemory --dependency-file /tmp/wm165/build/DerivedData/Build/Intermediates.noindex/WearMemory.build/Release-iphoneos/WearMemory.build/Objects-normal/arm64/WearMemory_dependency_info.dat --stringsdata-file /tmp/wm165/build/DerivedData/Build/Intermediates.noindex/WearMemory.build/Release-iphoneos/WearMemory.build/Objects-normal/arm64/ExtractedAppShortcutsMetadata.stringsdata --source-file-list /tmp/wm165/build/DerivedData/Build/Intermediates.noindex/WearMemory.build/Release-iphoneos/WearMemory.build/Objects-normal/arm64/WearMemory.SwiftFileList --metadata-file-list /tmp/wm165/build/DerivedData/Build/Intermediates.noindex/WearMemory.build/Release-iphoneos/WearMemory.build/WearMemory.DependencyMetadataFileList --static-metadata-file-list /tmp/wm165/build/DerivedData/Build/Intermediates.noindex/WearMemory.build/Release-iphoneos/WearMemory.build/WearMemory.DependencyStaticMetadataFileList --swift-const-vals-list /tmp/wm165/build/DerivedData/Build/Intermediates.noindex/WearMemory.build/Release-iphoneos/WearMemory.build/Objects-normal/arm64/WearMemory.SwiftConstValuesFileList --compile-time-extraction --deployment-aware-processing --validate-assistant-intents --no-app-shortcuts-localization
2026-08-20 18:57:40.949 appintentsmetadataprocessor[2666:10807] Starting appintentsmetadataprocessor export
2026-08-20 18:57:40.960 appintentsmetadataprocessor[2666:10807] warning: Metadata extraction skipped. No AppIntents.framework dependency found.

GenerateDSYMFile /tmp/wm165/build/DerivedData/Build/Products/Release-iphoneos/WearMemory.app.dSYM /tmp/wm165/build/DerivedData/Build/Products/Release-iphoneos/WearMemory.app/WearMemory (in target 'WearMemory' from project 'WearMemory')
    cd /tmp/wm165
    /Applications/Xcode_16.4.app/Contents/Developer/Toolchains/XcodeDefault.xctoolchain/usr/bin/dsymutil /tmp/wm165/build/DerivedData/Build/Products/Release-iphoneos/WearMemory.app/WearMemory -o /tmp/wm165/build/DerivedData/Build/Products/Release-iphoneos/WearMemory.app.dSYM

AppIntentsSSUTraining (in target 'WearMemory' from project 'WearMemory')
    cd /tmp/wm165
    /Applications/Xcode_16.4.app/Contents/Developer/Toolchains/XcodeDefault.xctoolchain/usr/bin/appintentsnltrainingprocessor --infoplist-path /tmp/wm165/build/DerivedData/Build/Products/Release-iphoneos/WearMemory.app/Info.plist --temp-dir-path /tmp/wm165/build/DerivedData/Build/Intermediates.noindex/WearMemory.build/Release-iphoneos/WearMemory.build/ssu --bundle-id local.pavel.WearMemory --product-path /tmp/wm165/build/DerivedData/Build/Products/Release-iphoneos/WearMemory.app --extracted-metadata-path /tmp/wm165/build/DerivedData/Build/Products/Release-iphoneos/WearMemory.app/Metadata.appintents --metadata-file-list /tmp/wm165/build/DerivedData/Build/Intermediates.noindex/WearMemory.build/Release-iphoneos/WearMemory.build/WearMemory.DependencyMetadataFileList --archive-ssu-assets
2026-08-20 18:57:41.011 appintentsnltrainingprocessor[2670:10818] Parsing options for appintentsnltrainingprocessor
2026-08-20 18:57:41.023 appintentsnltrainingprocessor[2670:10818] No AppShortcuts found - Skipping.

RegisterExecutionPolicyException /tmp/wm165/build/DerivedData/Build/Products/Release-iphoneos/WearMemory.app (in target 'WearMemory' from project 'WearMemory')
    cd /tmp/wm165
    builtin-RegisterExecutionPolicyException /tmp/wm165/build/DerivedData/Build/Products/Release-iphoneos/WearMemory.app

Validate /tmp/wm165/build/DerivedData/Build/Products/Release-iphoneos/WearMemory.app (in target 'WearMemory' from project 'WearMemory')
    cd /tmp/wm165
    builtin-validationUtility /tmp/wm165/build/DerivedData/Build/Products/Release-iphoneos/WearMemory.app -infoplist-subpath Info.plist

Touch /tmp/wm165/build/DerivedData/Build/Products/Release-iphoneos/WearMemory.app (in target 'WearMemory' from project 'WearMemory')
    cd /tmp/wm165
    /usr/bin/touch -c /tmp/wm165/build/DerivedData/Build/Products/Release-iphoneos/WearMemory.app

note: Disabling previews because SWIFT_VERSION is set and SWIFT_OPTIMIZATION_LEVEL=-O, expected -Onone (in target 'WearMemory' from project 'WearMemory')
** BUILD SUCCEEDED **

