Command line invocation:
    /Applications/Xcode_16.4.app/Contents/Developer/usr/bin/xcodebuild -project WearMemorySuite.xcodeproj -scheme WearMemory -configuration Release -sdk iphoneos -destination generic/platform=iOS -derivedDataPath build/WearMemoryDerived CODE_SIGNING_ALLOWED=NO CODE_SIGNING_REQUIRED=NO TARGETED_DEVICE_FAMILY=1 build

Build settings from command line:
    CODE_SIGNING_ALLOWED = NO
    CODE_SIGNING_REQUIRED = NO
    SDKROOT = iphoneos18.5
    TARGETED_DEVICE_FAMILY = 1

ComputePackagePrebuildTargetDependencyGraph

Prepare packages

CreateBuildRequest

SendProjectDescription

CreateBuildOperation

ComputeTargetDependencyGraph
note: Building targets in dependency order
note: Target dependency graph (1 target)
    Target 'WearMemory' in project 'WearMemorySuite' (no dependencies)

GatherProvisioningInputs

CreateBuildDescription

ExecuteExternalTool /Applications/Xcode_16.4.app/Contents/Developer/Toolchains/XcodeDefault.xctoolchain/usr/bin/swiftc --version

ExecuteExternalTool /Applications/Xcode_16.4.app/Contents/Developer/Toolchains/XcodeDefault.xctoolchain/usr/bin/clang -v -E -dM -isysroot /Applications/Xcode_16.4.app/Contents/Developer/Platforms/iPhoneOS.platform/Developer/SDKs/iPhoneOS18.5.sdk -x c -c /dev/null

ExecuteExternalTool /Applications/Xcode_16.4.app/Contents/Developer/Toolchains/XcodeDefault.xctoolchain/usr/bin/ld -version_details

Build description signature: 415e254c008ab7865d3a9f922f19fc86
Build description path: /tmp/wmsuite/build/WearMemoryDerived/Build/Intermediates.noindex/XCBuildData/415e254c008ab7865d3a9f922f19fc86.xcbuilddata
ClangStatCache /Applications/Xcode_16.4.app/Contents/Developer/Toolchains/XcodeDefault.xctoolchain/usr/bin/clang-stat-cache /Applications/Xcode_16.4.app/Contents/Developer/Platforms/iPhoneOS.platform/Developer/SDKs/iPhoneOS18.5.sdk /tmp/wmsuite/build/WearMemoryDerived/SDKStatCaches.noindex/iphoneos18.5-22F76-a529daf784b3616c7c04a36aeb7f5c05.sdkstatcache
    cd /tmp/wmsuite/WearMemorySuite.xcodeproj
    /Applications/Xcode_16.4.app/Contents/Developer/Toolchains/XcodeDefault.xctoolchain/usr/bin/clang-stat-cache /Applications/Xcode_16.4.app/Contents/Developer/Platforms/iPhoneOS.platform/Developer/SDKs/iPhoneOS18.5.sdk -o /tmp/wmsuite/build/WearMemoryDerived/SDKStatCaches.noindex/iphoneos18.5-22F76-a529daf784b3616c7c04a36aeb7f5c05.sdkstatcache

CreateBuildDirectory /tmp/wmsuite/build/WearMemoryDerived/Build/Products
    cd /tmp/wmsuite/WearMemorySuite.xcodeproj
    builtin-create-build-directory /tmp/wmsuite/build/WearMemoryDerived/Build/Products

CreateBuildDirectory /tmp/wmsuite/build/WearMemoryDerived/Build/Intermediates.noindex
    cd /tmp/wmsuite/WearMemorySuite.xcodeproj
    builtin-create-build-directory /tmp/wmsuite/build/WearMemoryDerived/Build/Intermediates.noindex

CreateBuildDirectory /tmp/wmsuite/build/WearMemoryDerived/Build/Products/Release-iphoneos
    cd /tmp/wmsuite/WearMemorySuite.xcodeproj
    builtin-create-build-directory /tmp/wmsuite/build/WearMemoryDerived/Build/Products/Release-iphoneos

WriteAuxiliaryFile /tmp/wmsuite/build/WearMemoryDerived/Build/Intermediates.noindex/WearMemorySuite.build/Release-iphoneos/WearMemorySuite-72d04938648c8fa00f24b7da23f8108d-VFS-iphoneos/all-product-headers.yaml
    cd /tmp/wmsuite/WearMemorySuite.xcodeproj
    write-file /tmp/wmsuite/build/WearMemoryDerived/Build/Intermediates.noindex/WearMemorySuite.build/Release-iphoneos/WearMemorySuite-72d04938648c8fa00f24b7da23f8108d-VFS-iphoneos/all-product-headers.yaml

CreateBuildDirectory /tmp/wmsuite/build/WearMemoryDerived/Build/Intermediates.noindex/EagerLinkingTBDs/Release-iphoneos
    cd /tmp/wmsuite/WearMemorySuite.xcodeproj
    builtin-create-build-directory /tmp/wmsuite/build/WearMemoryDerived/Build/Intermediates.noindex/EagerLinkingTBDs/Release-iphoneos

WriteAuxiliaryFile /tmp/wmsuite/build/WearMemoryDerived/Build/Intermediates.noindex/WearMemorySuite.build/Release-iphoneos/WearMemory.build/WearMemory.hmap (in target 'WearMemory' from project 'WearMemorySuite')
    cd /tmp/wmsuite
    write-file /tmp/wmsuite/build/WearMemoryDerived/Build/Intermediates.noindex/WearMemorySuite.build/Release-iphoneos/WearMemory.build/WearMemory.hmap

WriteAuxiliaryFile /tmp/wmsuite/build/WearMemoryDerived/Build/Intermediates.noindex/WearMemorySuite.build/Release-iphoneos/WearMemory.build/WearMemory.DependencyStaticMetadataFileList (in target 'WearMemory' from project 'WearMemorySuite')
    cd /tmp/wmsuite
    write-file /tmp/wmsuite/build/WearMemoryDerived/Build/Intermediates.noindex/WearMemorySuite.build/Release-iphoneos/WearMemory.build/WearMemory.DependencyStaticMetadataFileList

WriteAuxiliaryFile /tmp/wmsuite/build/WearMemoryDerived/Build/Intermediates.noindex/WearMemorySuite.build/Release-iphoneos/WearMemory.build/WearMemory.DependencyMetadataFileList (in target 'WearMemory' from project 'WearMemorySuite')
    cd /tmp/wmsuite
    write-file /tmp/wmsuite/build/WearMemoryDerived/Build/Intermediates.noindex/WearMemorySuite.build/Release-iphoneos/WearMemory.build/WearMemory.DependencyMetadataFileList

WriteAuxiliaryFile /tmp/wmsuite/build/WearMemoryDerived/Build/Intermediates.noindex/WearMemorySuite.build/Release-iphoneos/WearMemory.build/WearMemory-project-headers.hmap (in target 'WearMemory' from project 'WearMemorySuite')
    cd /tmp/wmsuite
    write-file /tmp/wmsuite/build/WearMemoryDerived/Build/Intermediates.noindex/WearMemorySuite.build/Release-iphoneos/WearMemory.build/WearMemory-project-headers.hmap

WriteAuxiliaryFile /tmp/wmsuite/build/WearMemoryDerived/Build/Intermediates.noindex/WearMemorySuite.build/Release-iphoneos/WearMemory.build/WearMemory-own-target-headers.hmap (in target 'WearMemory' from project 'WearMemorySuite')
    cd /tmp/wmsuite
    write-file /tmp/wmsuite/build/WearMemoryDerived/Build/Intermediates.noindex/WearMemorySuite.build/Release-iphoneos/WearMemory.build/WearMemory-own-target-headers.hmap

WriteAuxiliaryFile /tmp/wmsuite/build/WearMemoryDerived/Build/Intermediates.noindex/WearMemorySuite.build/Release-iphoneos/WearMemory.build/WearMemory-generated-files.hmap (in target 'WearMemory' from project 'WearMemorySuite')
    cd /tmp/wmsuite
    write-file /tmp/wmsuite/build/WearMemoryDerived/Build/Intermediates.noindex/WearMemorySuite.build/Release-iphoneos/WearMemory.build/WearMemory-generated-files.hmap

WriteAuxiliaryFile /tmp/wmsuite/build/WearMemoryDerived/Build/Intermediates.noindex/WearMemorySuite.build/Release-iphoneos/WearMemory.build/WearMemory-all-target-headers.hmap (in target 'WearMemory' from project 'WearMemorySuite')
    cd /tmp/wmsuite
    write-file /tmp/wmsuite/build/WearMemoryDerived/Build/Intermediates.noindex/WearMemorySuite.build/Release-iphoneos/WearMemory.build/WearMemory-all-target-headers.hmap

WriteAuxiliaryFile /tmp/wmsuite/build/WearMemoryDerived/Build/Intermediates.noindex/WearMemorySuite.build/Release-iphoneos/WearMemory.build/WearMemory-all-non-framework-target-headers.hmap (in target 'WearMemory' from project 'WearMemorySuite')
    cd /tmp/wmsuite
    write-file /tmp/wmsuite/build/WearMemoryDerived/Build/Intermediates.noindex/WearMemorySuite.build/Release-iphoneos/WearMemory.build/WearMemory-all-non-framework-target-headers.hmap

WriteAuxiliaryFile /tmp/wmsuite/build/WearMemoryDerived/Build/Intermediates.noindex/WearMemorySuite.build/Release-iphoneos/WearMemory.build/Objects-normal/arm64/WearMemory_const_extract_protocols.json (in target 'WearMemory' from project 'WearMemorySuite')
    cd /tmp/wmsuite
    write-file /tmp/wmsuite/build/WearMemoryDerived/Build/Intermediates.noindex/WearMemorySuite.build/Release-iphoneos/WearMemory.build/Objects-normal/arm64/WearMemory_const_extract_protocols.json

WriteAuxiliaryFile /tmp/wmsuite/build/WearMemoryDerived/Build/Intermediates.noindex/WearMemorySuite.build/Release-iphoneos/WearMemory.build/Objects-normal/arm64/WearMemory.SwiftFileList (in target 'WearMemory' from project 'WearMemorySuite')
    cd /tmp/wmsuite
    write-file /tmp/wmsuite/build/WearMemoryDerived/Build/Intermediates.noindex/WearMemorySuite.build/Release-iphoneos/WearMemory.build/Objects-normal/arm64/WearMemory.SwiftFileList

WriteAuxiliaryFile /tmp/wmsuite/build/WearMemoryDerived/Build/Intermediates.noindex/WearMemorySuite.build/Release-iphoneos/WearMemory.build/Objects-normal/arm64/WearMemory.SwiftConstValuesFileList (in target 'WearMemory' from project 'WearMemorySuite')
    cd /tmp/wmsuite
    write-file /tmp/wmsuite/build/WearMemoryDerived/Build/Intermediates.noindex/WearMemorySuite.build/Release-iphoneos/WearMemory.build/Objects-normal/arm64/WearMemory.SwiftConstValuesFileList

WriteAuxiliaryFile /tmp/wmsuite/build/WearMemoryDerived/Build/Intermediates.noindex/WearMemorySuite.build/Release-iphoneos/WearMemory.build/Objects-normal/arm64/WearMemory.LinkFileList (in target 'WearMemory' from project 'WearMemorySuite')
    cd /tmp/wmsuite
    write-file /tmp/wmsuite/build/WearMemoryDerived/Build/Intermediates.noindex/WearMemorySuite.build/Release-iphoneos/WearMemory.build/Objects-normal/arm64/WearMemory.LinkFileList

WriteAuxiliaryFile /tmp/wmsuite/build/WearMemoryDerived/Build/Intermediates.noindex/WearMemorySuite.build/Release-iphoneos/WearMemory.build/Objects-normal/arm64/WearMemory-OutputFileMap.json (in target 'WearMemory' from project 'WearMemorySuite')
    cd /tmp/wmsuite
    write-file /tmp/wmsuite/build/WearMemoryDerived/Build/Intermediates.noindex/WearMemorySuite.build/Release-iphoneos/WearMemory.build/Objects-normal/arm64/WearMemory-OutputFileMap.json

MkDir /tmp/wmsuite/build/WearMemoryDerived/Build/Products/Release-iphoneos/WearMemory.app (in target 'WearMemory' from project 'WearMemorySuite')
    cd /tmp/wmsuite
    /bin/mkdir -p /tmp/wmsuite/build/WearMemoryDerived/Build/Products/Release-iphoneos/WearMemory.app

ProcessInfoPlistFile /tmp/wmsuite/build/WearMemoryDerived/Build/Products/Release-iphoneos/WearMemory.app/Info.plist /tmp/wmsuite/WearMemory/Info.plist (in target 'WearMemory' from project 'WearMemorySuite')
    cd /tmp/wmsuite
    builtin-infoPlistUtility /tmp/wmsuite/WearMemory/Info.plist -producttype com.apple.product-type.application -genpkginfo /tmp/wmsuite/build/WearMemoryDerived/Build/Products/Release-iphoneos/WearMemory.app/PkgInfo -expandbuildsettings -format binary -platform iphoneos -requiredArchitecture arm64 -o /tmp/wmsuite/build/WearMemoryDerived/Build/Products/Release-iphoneos/WearMemory.app/Info.plist

SwiftDriver WearMemory normal arm64 com.apple.xcode.tools.swift.compiler (in target 'WearMemory' from project 'WearMemorySuite')
    cd /tmp/wmsuite
    builtin-SwiftDriver -- /Applications/Xcode_16.4.app/Contents/Developer/Toolchains/XcodeDefault.xctoolchain/usr/bin/swiftc -module-name WearMemory -O -whole-module-optimization -enforce-exclusivity\=checked @/tmp/wmsuite/build/WearMemoryDerived/Build/Intermediates.noindex/WearMemorySuite.build/Release-iphoneos/WearMemory.build/Objects-normal/arm64/WearMemory.SwiftFileList -enable-bare-slash-regex -enable-experimental-feature DebugDescriptionMacro -sdk /Applications/Xcode_16.4.app/Contents/Developer/Platforms/iPhoneOS.platform/Developer/SDKs/iPhoneOS18.5.sdk -target arm64-apple-ios15.0 -g -module-cache-path /tmp/wmsuite/build/WearMemoryDerived/ModuleCache.noindex -Xfrontend -serialize-debugging-options -swift-version 5 -I /tmp/wmsuite/build/WearMemoryDerived/Build/Products/Release-iphoneos -F /tmp/wmsuite/build/WearMemoryDerived/Build/Products/Release-iphoneos -c -num-threads 3 -Xcc -ivfsstatcache -Xcc /tmp/wmsuite/build/WearMemoryDerived/SDKStatCaches.noindex/iphoneos18.5-22F76-a529daf784b3616c7c04a36aeb7f5c05.sdkstatcache -output-file-map /tmp/wmsuite/build/WearMemoryDerived/Build/Intermediates.noindex/WearMemorySuite.build/Release-iphoneos/WearMemory.build/Objects-normal/arm64/WearMemory-OutputFileMap.json -use-frontend-parseable-output -save-temps -no-color-diagnostics -serialize-diagnostics -emit-dependencies -emit-module -emit-module-path /tmp/wmsuite/build/WearMemoryDerived/Build/Intermediates.noindex/WearMemorySuite.build/Release-iphoneos/WearMemory.build/Objects-normal/arm64/WearMemory.swiftmodule -validate-clang-modules-once -clang-build-session-file /tmp/wmsuite/build/WearMemoryDerived/ModuleCache.noindex/Session.modulevalidation -Xcc -I/tmp/wmsuite/build/WearMemoryDerived/Build/Intermediates.noindex/WearMemorySuite.build/Release-iphoneos/WearMemory.build/swift-overrides.hmap -emit-const-values -Xfrontend -const-gather-protocols-file -Xfrontend /tmp/wmsuite/build/WearMemoryDerived/Build/Intermediates.noindex/WearMemorySuite.build/Release-iphoneos/WearMemory.build/Objects-normal/arm64/WearMemory_const_extract_protocols.json -Xcc -iquote -Xcc /tmp/wmsuite/build/WearMemoryDerived/Build/Intermediates.noindex/WearMemorySuite.build/Release-iphoneos/WearMemory.build/WearMemory-generated-files.hmap -Xcc -I/tmp/wmsuite/build/WearMemoryDerived/Build/Intermediates.noindex/WearMemorySuite.build/Release-iphoneos/WearMemory.build/WearMemory-own-target-headers.hmap -Xcc -I/tmp/wmsuite/build/WearMemoryDerived/Build/Intermediates.noindex/WearMemorySuite.build/Release-iphoneos/WearMemory.build/WearMemory-all-target-headers.hmap -Xcc -iquote -Xcc /tmp/wmsuite/build/WearMemoryDerived/Build/Intermediates.noindex/WearMemorySuite.build/Release-iphoneos/WearMemory.build/WearMemory-project-headers.hmap -Xcc -I/tmp/wmsuite/build/WearMemoryDerived/Build/Products/Release-iphoneos/include -Xcc -I/tmp/wmsuite/build/WearMemoryDerived/Build/Intermediates.noindex/WearMemorySuite.build/Release-iphoneos/WearMemory.build/DerivedSources-normal/arm64 -Xcc -I/tmp/wmsuite/build/WearMemoryDerived/Build/Intermediates.noindex/WearMemorySuite.build/Release-iphoneos/WearMemory.build/DerivedSources/arm64 -Xcc -I/tmp/wmsuite/build/WearMemoryDerived/Build/Intermediates.noindex/WearMemorySuite.build/Release-iphoneos/WearMemory.build/DerivedSources -emit-objc-header -emit-objc-header-path /tmp/wmsuite/build/WearMemoryDerived/Build/Intermediates.noindex/WearMemorySuite.build/Release-iphoneos/WearMemory.build/Objects-normal/arm64/WearMemory-Swift.h -working-directory /tmp/wmsuite -no-emit-module-separately-wmo

SwiftCompile normal arm64 Compiling\ AppModel.swift,\ AudioBufferManager.swift,\ CameraPicker.swift,\ ContentView.swift,\ DailyLogStore.swift,\ ExternalAudioFolderStore.swift,\ ExternalTextFolderStore.swift,\ GoogleDriveSync.swift,\ MediaConfirmationView.swift,\ MediaStore.swift,\ Models.swift,\ ShareSheet.swift,\ SharedVoiceBridge.swift,\ TranscriptionService.swift,\ WearMemoryApp.swift,\ WearMemoryAppDelegate.swift /tmp/wmsuite/WearMemory/AppModel.swift /tmp/wmsuite/WearMemory/AudioBufferManager.swift /tmp/wmsuite/WearMemory/CameraPicker.swift /tmp/wmsuite/WearMemory/ContentView.swift /tmp/wmsuite/WearMemory/DailyLogStore.swift /tmp/wmsuite/WearMemory/ExternalAudioFolderStore.swift /tmp/wmsuite/WearMemory/ExternalTextFolderStore.swift /tmp/wmsuite/WearMemory/GoogleDriveSync.swift /tmp/wmsuite/WearMemory/MediaConfirmationView.swift /tmp/wmsuite/WearMemory/MediaStore.swift /tmp/wmsuite/WearMemory/Models.swift /tmp/wmsuite/WearMemory/ShareSheet.swift /tmp/wmsuite/WearMemory/SharedVoiceBridge.swift /tmp/wmsuite/WearMemory/TranscriptionService.swift /tmp/wmsuite/WearMemory/WearMemoryApp.swift /tmp/wmsuite/WearMemory/WearMemoryAppDelegate.swift (in target 'WearMemory' from project 'WearMemorySuite')

CompileSwift normal arm64 (in target 'WearMemory' from project 'WearMemorySuite')
    cd /tmp/wmsuite
    
/tmp/wmsuite/WearMemory/DailyLogStore.swift:73:13: warning: result of 'try?' is unused
            try? handle.seekToEnd()
            ^~~~~~~~~~~~~~~~~~~~~~~
/tmp/wmsuite/WearMemory/DailyLogStore.swift:113:13: warning: result of 'try?' is unused
            try? handle.seekToEnd()
            ^~~~~~~~~~~~~~~~~~~~~~~

SwiftDriver\ Compilation WearMemory normal arm64 com.apple.xcode.tools.swift.compiler (in target 'WearMemory' from project 'WearMemorySuite')
    cd /tmp/wmsuite
    builtin-Swift-Compilation -- /Applications/Xcode_16.4.app/Contents/Developer/Toolchains/XcodeDefault.xctoolchain/usr/bin/swiftc -module-name WearMemory -O -whole-module-optimization -enforce-exclusivity\=checked @/tmp/wmsuite/build/WearMemoryDerived/Build/Intermediates.noindex/WearMemorySuite.build/Release-iphoneos/WearMemory.build/Objects-normal/arm64/WearMemory.SwiftFileList -enable-bare-slash-regex -enable-experimental-feature DebugDescriptionMacro -sdk /Applications/Xcode_16.4.app/Contents/Developer/Platforms/iPhoneOS.platform/Developer/SDKs/iPhoneOS18.5.sdk -target arm64-apple-ios15.0 -g -module-cache-path /tmp/wmsuite/build/WearMemoryDerived/ModuleCache.noindex -Xfrontend -serialize-debugging-options -swift-version 5 -I /tmp/wmsuite/build/WearMemoryDerived/Build/Products/Release-iphoneos -F /tmp/wmsuite/build/WearMemoryDerived/Build/Products/Release-iphoneos -c -num-threads 3 -Xcc -ivfsstatcache -Xcc /tmp/wmsuite/build/WearMemoryDerived/SDKStatCaches.noindex/iphoneos18.5-22F76-a529daf784b3616c7c04a36aeb7f5c05.sdkstatcache -output-file-map /tmp/wmsuite/build/WearMemoryDerived/Build/Intermediates.noindex/WearMemorySuite.build/Release-iphoneos/WearMemory.build/Objects-normal/arm64/WearMemory-OutputFileMap.json -use-frontend-parseable-output -save-temps -no-color-diagnostics -serialize-diagnostics -emit-dependencies -emit-module -emit-module-path /tmp/wmsuite/build/WearMemoryDerived/Build/Intermediates.noindex/WearMemorySuite.build/Release-iphoneos/WearMemory.build/Objects-normal/arm64/WearMemory.swiftmodule -validate-clang-modules-once -clang-build-session-file /tmp/wmsuite/build/WearMemoryDerived/ModuleCache.noindex/Session.modulevalidation -Xcc -I/tmp/wmsuite/build/WearMemoryDerived/Build/Intermediates.noindex/WearMemorySuite.build/Release-iphoneos/WearMemory.build/swift-overrides.hmap -emit-const-values -Xfrontend -const-gather-protocols-file -Xfrontend /tmp/wmsuite/build/WearMemoryDerived/Build/Intermediates.noindex/WearMemorySuite.build/Release-iphoneos/WearMemory.build/Objects-normal/arm64/WearMemory_const_extract_protocols.json -Xcc -iquote -Xcc /tmp/wmsuite/build/WearMemoryDerived/Build/Intermediates.noindex/WearMemorySuite.build/Release-iphoneos/WearMemory.build/WearMemory-generated-files.hmap -Xcc -I/tmp/wmsuite/build/WearMemoryDerived/Build/Intermediates.noindex/WearMemorySuite.build/Release-iphoneos/WearMemory.build/WearMemory-own-target-headers.hmap -Xcc -I/tmp/wmsuite/build/WearMemoryDerived/Build/Intermediates.noindex/WearMemorySuite.build/Release-iphoneos/WearMemory.build/WearMemory-all-target-headers.hmap -Xcc -iquote -Xcc /tmp/wmsuite/build/WearMemoryDerived/Build/Intermediates.noindex/WearMemorySuite.build/Release-iphoneos/WearMemory.build/WearMemory-project-headers.hmap -Xcc -I/tmp/wmsuite/build/WearMemoryDerived/Build/Products/Release-iphoneos/include -Xcc -I/tmp/wmsuite/build/WearMemoryDerived/Build/Intermediates.noindex/WearMemorySuite.build/Release-iphoneos/WearMemory.build/DerivedSources-normal/arm64 -Xcc -I/tmp/wmsuite/build/WearMemoryDerived/Build/Intermediates.noindex/WearMemorySuite.build/Release-iphoneos/WearMemory.build/DerivedSources/arm64 -Xcc -I/tmp/wmsuite/build/WearMemoryDerived/Build/Intermediates.noindex/WearMemorySuite.build/Release-iphoneos/WearMemory.build/DerivedSources -emit-objc-header -emit-objc-header-path /tmp/wmsuite/build/WearMemoryDerived/Build/Intermediates.noindex/WearMemorySuite.build/Release-iphoneos/WearMemory.build/Objects-normal/arm64/WearMemory-Swift.h -working-directory /tmp/wmsuite -no-emit-module-separately-wmo

SwiftDriverJobDiscovery normal arm64 Compiling AppModel.swift, AudioBufferManager.swift, CameraPicker.swift, ContentView.swift, DailyLogStore.swift, ExternalAudioFolderStore.swift, ExternalTextFolderStore.swift, GoogleDriveSync.swift, MediaConfirmationView.swift, MediaStore.swift, Models.swift, ShareSheet.swift, SharedVoiceBridge.swift, TranscriptionService.swift, WearMemoryApp.swift, WearMemoryAppDelegate.swift (in target 'WearMemory' from project 'WearMemorySuite')

SwiftDriver\ Compilation\ Requirements WearMemory normal arm64 com.apple.xcode.tools.swift.compiler (in target 'WearMemory' from project 'WearMemorySuite')
    cd /tmp/wmsuite
    builtin-Swift-Compilation-Requirements -- /Applications/Xcode_16.4.app/Contents/Developer/Toolchains/XcodeDefault.xctoolchain/usr/bin/swiftc -module-name WearMemory -O -whole-module-optimization -enforce-exclusivity\=checked @/tmp/wmsuite/build/WearMemoryDerived/Build/Intermediates.noindex/WearMemorySuite.build/Release-iphoneos/WearMemory.build/Objects-normal/arm64/WearMemory.SwiftFileList -enable-bare-slash-regex -enable-experimental-feature DebugDescriptionMacro -sdk /Applications/Xcode_16.4.app/Contents/Developer/Platforms/iPhoneOS.platform/Developer/SDKs/iPhoneOS18.5.sdk -target arm64-apple-ios15.0 -g -module-cache-path /tmp/wmsuite/build/WearMemoryDerived/ModuleCache.noindex -Xfrontend -serialize-debugging-options -swift-version 5 -I /tmp/wmsuite/build/WearMemoryDerived/Build/Products/Release-iphoneos -F /tmp/wmsuite/build/WearMemoryDerived/Build/Products/Release-iphoneos -c -num-threads 3 -Xcc -ivfsstatcache -Xcc /tmp/wmsuite/build/WearMemoryDerived/SDKStatCaches.noindex/iphoneos18.5-22F76-a529daf784b3616c7c04a36aeb7f5c05.sdkstatcache -output-file-map /tmp/wmsuite/build/WearMemoryDerived/Build/Intermediates.noindex/WearMemorySuite.build/Release-iphoneos/WearMemory.build/Objects-normal/arm64/WearMemory-OutputFileMap.json -use-frontend-parseable-output -save-temps -no-color-diagnostics -serialize-diagnostics -emit-dependencies -emit-module -emit-module-path /tmp/wmsuite/build/WearMemoryDerived/Build/Intermediates.noindex/WearMemorySuite.build/Release-iphoneos/WearMemory.build/Objects-normal/arm64/WearMemory.swiftmodule -validate-clang-modules-once -clang-build-session-file /tmp/wmsuite/build/WearMemoryDerived/ModuleCache.noindex/Session.modulevalidation -Xcc -I/tmp/wmsuite/build/WearMemoryDerived/Build/Intermediates.noindex/WearMemorySuite.build/Release-iphoneos/WearMemory.build/swift-overrides.hmap -emit-const-values -Xfrontend -const-gather-protocols-file -Xfrontend /tmp/wmsuite/build/WearMemoryDerived/Build/Intermediates.noindex/WearMemorySuite.build/Release-iphoneos/WearMemory.build/Objects-normal/arm64/WearMemory_const_extract_protocols.json -Xcc -iquote -Xcc /tmp/wmsuite/build/WearMemoryDerived/Build/Intermediates.noindex/WearMemorySuite.build/Release-iphoneos/WearMemory.build/WearMemory-generated-files.hmap -Xcc -I/tmp/wmsuite/build/WearMemoryDerived/Build/Intermediates.noindex/WearMemorySuite.build/Release-iphoneos/WearMemory.build/WearMemory-own-target-headers.hmap -Xcc -I/tmp/wmsuite/build/WearMemoryDerived/Build/Intermediates.noindex/WearMemorySuite.build/Release-iphoneos/WearMemory.build/WearMemory-all-target-headers.hmap -Xcc -iquote -Xcc /tmp/wmsuite/build/WearMemoryDerived/Build/Intermediates.noindex/WearMemorySuite.build/Release-iphoneos/WearMemory.build/WearMemory-project-headers.hmap -Xcc -I/tmp/wmsuite/build/WearMemoryDerived/Build/Products/Release-iphoneos/include -Xcc -I/tmp/wmsuite/build/WearMemoryDerived/Build/Intermediates.noindex/WearMemorySuite.build/Release-iphoneos/WearMemory.build/DerivedSources-normal/arm64 -Xcc -I/tmp/wmsuite/build/WearMemoryDerived/Build/Intermediates.noindex/WearMemorySuite.build/Release-iphoneos/WearMemory.build/DerivedSources/arm64 -Xcc -I/tmp/wmsuite/build/WearMemoryDerived/Build/Intermediates.noindex/WearMemorySuite.build/Release-iphoneos/WearMemory.build/DerivedSources -emit-objc-header -emit-objc-header-path /tmp/wmsuite/build/WearMemoryDerived/Build/Intermediates.noindex/WearMemorySuite.build/Release-iphoneos/WearMemory.build/Objects-normal/arm64/WearMemory-Swift.h -working-directory /tmp/wmsuite -no-emit-module-separately-wmo

SwiftMergeGeneratedHeaders /tmp/wmsuite/build/WearMemoryDerived/Build/Intermediates.noindex/WearMemorySuite.build/Release-iphoneos/WearMemory.build/DerivedSources/WearMemory-Swift.h /tmp/wmsuite/build/WearMemoryDerived/Build/Intermediates.noindex/WearMemorySuite.build/Release-iphoneos/WearMemory.build/Objects-normal/arm64/WearMemory-Swift.h (in target 'WearMemory' from project 'WearMemorySuite')
    cd /tmp/wmsuite
    builtin-swiftHeaderTool -arch arm64 /tmp/wmsuite/build/WearMemoryDerived/Build/Intermediates.noindex/WearMemorySuite.build/Release-iphoneos/WearMemory.build/Objects-normal/arm64/WearMemory-Swift.h -o /tmp/wmsuite/build/WearMemoryDerived/Build/Intermediates.noindex/WearMemorySuite.build/Release-iphoneos/WearMemory.build/DerivedSources/WearMemory-Swift.h

Copy /tmp/wmsuite/build/WearMemoryDerived/Build/Products/Release-iphoneos/WearMemory.swiftmodule/arm64-apple-ios.swiftmodule /tmp/wmsuite/build/WearMemoryDerived/Build/Intermediates.noindex/WearMemorySuite.build/Release-iphoneos/WearMemory.build/Objects-normal/arm64/WearMemory.swiftmodule (in target 'WearMemory' from project 'WearMemorySuite')
    cd /tmp/wmsuite
    builtin-copy -exclude .DS_Store -exclude CVS -exclude .svn -exclude .git -exclude .hg -resolve-src-symlinks -rename /tmp/wmsuite/build/WearMemoryDerived/Build/Intermediates.noindex/WearMemorySuite.build/Release-iphoneos/WearMemory.build/Objects-normal/arm64/WearMemory.swiftmodule /tmp/wmsuite/build/WearMemoryDerived/Build/Products/Release-iphoneos/WearMemory.swiftmodule/arm64-apple-ios.swiftmodule

Copy /tmp/wmsuite/build/WearMemoryDerived/Build/Products/Release-iphoneos/WearMemory.swiftmodule/arm64-apple-ios.swiftdoc /tmp/wmsuite/build/WearMemoryDerived/Build/Intermediates.noindex/WearMemorySuite.build/Release-iphoneos/WearMemory.build/Objects-normal/arm64/WearMemory.swiftdoc (in target 'WearMemory' from project 'WearMemorySuite')
    cd /tmp/wmsuite
    builtin-copy -exclude .DS_Store -exclude CVS -exclude .svn -exclude .git -exclude .hg -resolve-src-symlinks -rename /tmp/wmsuite/build/WearMemoryDerived/Build/Intermediates.noindex/WearMemorySuite.build/Release-iphoneos/WearMemory.build/Objects-normal/arm64/WearMemory.swiftdoc /tmp/wmsuite/build/WearMemoryDerived/Build/Products/Release-iphoneos/WearMemory.swiftmodule/arm64-apple-ios.swiftdoc

Copy /tmp/wmsuite/build/WearMemoryDerived/Build/Products/Release-iphoneos/WearMemory.swiftmodule/arm64-apple-ios.abi.json /tmp/wmsuite/build/WearMemoryDerived/Build/Intermediates.noindex/WearMemorySuite.build/Release-iphoneos/WearMemory.build/Objects-normal/arm64/WearMemory.abi.json (in target 'WearMemory' from project 'WearMemorySuite')
    cd /tmp/wmsuite
    builtin-copy -exclude .DS_Store -exclude CVS -exclude .svn -exclude .git -exclude .hg -resolve-src-symlinks -rename /tmp/wmsuite/build/WearMemoryDerived/Build/Intermediates.noindex/WearMemorySuite.build/Release-iphoneos/WearMemory.build/Objects-normal/arm64/WearMemory.abi.json /tmp/wmsuite/build/WearMemoryDerived/Build/Products/Release-iphoneos/WearMemory.swiftmodule/arm64-apple-ios.abi.json

Copy /tmp/wmsuite/build/WearMemoryDerived/Build/Products/Release-iphoneos/WearMemory.swiftmodule/Project/arm64-apple-ios.swiftsourceinfo /tmp/wmsuite/build/WearMemoryDerived/Build/Intermediates.noindex/WearMemorySuite.build/Release-iphoneos/WearMemory.build/Objects-normal/arm64/WearMemory.swiftsourceinfo (in target 'WearMemory' from project 'WearMemorySuite')
    cd /tmp/wmsuite
    builtin-copy -exclude .DS_Store -exclude CVS -exclude .svn -exclude .git -exclude .hg -resolve-src-symlinks -rename /tmp/wmsuite/build/WearMemoryDerived/Build/Intermediates.noindex/WearMemorySuite.build/Release-iphoneos/WearMemory.build/Objects-normal/arm64/WearMemory.swiftsourceinfo /tmp/wmsuite/build/WearMemoryDerived/Build/Products/Release-iphoneos/WearMemory.swiftmodule/Project/arm64-apple-ios.swiftsourceinfo

Ld /tmp/wmsuite/build/WearMemoryDerived/Build/Products/Release-iphoneos/WearMemory.app/WearMemory normal (in target 'WearMemory' from project 'WearMemorySuite')
    cd /tmp/wmsuite
    /Applications/Xcode_16.4.app/Contents/Developer/Toolchains/XcodeDefault.xctoolchain/usr/bin/clang -Xlinker -reproducible -target arm64-apple-ios15.0 -isysroot /Applications/Xcode_16.4.app/Contents/Developer/Platforms/iPhoneOS.platform/Developer/SDKs/iPhoneOS18.5.sdk -Os -L/tmp/wmsuite/build/WearMemoryDerived/Build/Intermediates.noindex/EagerLinkingTBDs/Release-iphoneos -L/tmp/wmsuite/build/WearMemoryDerived/Build/Products/Release-iphoneos -F/tmp/wmsuite/build/WearMemoryDerived/Build/Intermediates.noindex/EagerLinkingTBDs/Release-iphoneos -F/tmp/wmsuite/build/WearMemoryDerived/Build/Products/Release-iphoneos -filelist /tmp/wmsuite/build/WearMemoryDerived/Build/Intermediates.noindex/WearMemorySuite.build/Release-iphoneos/WearMemory.build/Objects-normal/arm64/WearMemory.LinkFileList -Xlinker -rpath -Xlinker @executable_path/Frameworks -dead_strip -Xlinker -object_path_lto -Xlinker /tmp/wmsuite/build/WearMemoryDerived/Build/Intermediates.noindex/WearMemorySuite.build/Release-iphoneos/WearMemory.build/Objects-normal/arm64/WearMemory_lto.o -Xlinker -dependency_info -Xlinker /tmp/wmsuite/build/WearMemoryDerived/Build/Intermediates.noindex/WearMemorySuite.build/Release-iphoneos/WearMemory.build/Objects-normal/arm64/WearMemory_dependency_info.dat -fobjc-link-runtime -L/Applications/Xcode_16.4.app/Contents/Developer/Toolchains/XcodeDefault.xctoolchain/usr/lib/swift/iphoneos -L/usr/lib/swift -Xlinker -add_ast_path -Xlinker /tmp/wmsuite/build/WearMemoryDerived/Build/Intermediates.noindex/WearMemorySuite.build/Release-iphoneos/WearMemory.build/Objects-normal/arm64/WearMemory.swiftmodule -o /tmp/wmsuite/build/WearMemoryDerived/Build/Products/Release-iphoneos/WearMemory.app/WearMemory

CopySwiftLibs /tmp/wmsuite/build/WearMemoryDerived/Build/Products/Release-iphoneos/WearMemory.app (in target 'WearMemory' from project 'WearMemorySuite')
    cd /tmp/wmsuite
    builtin-swiftStdLibTool --copy --verbose --scan-executable /tmp/wmsuite/build/WearMemoryDerived/Build/Products/Release-iphoneos/WearMemory.app/WearMemory --scan-folder /tmp/wmsuite/build/WearMemoryDerived/Build/Products/Release-iphoneos/WearMemory.app/Frameworks --scan-folder /tmp/wmsuite/build/WearMemoryDerived/Build/Products/Release-iphoneos/WearMemory.app/PlugIns --scan-folder /tmp/wmsuite/build/WearMemoryDerived/Build/Products/Release-iphoneos/WearMemory.app/SystemExtensions --scan-folder /tmp/wmsuite/build/WearMemoryDerived/Build/Products/Release-iphoneos/WearMemory.app/Extensions --platform iphoneos --toolchain /Applications/Xcode_16.4.app/Contents/Developer/Toolchains/XcodeDefault.xctoolchain --destination /tmp/wmsuite/build/WearMemoryDerived/Build/Products/Release-iphoneos/WearMemory.app/Frameworks --strip-bitcode --strip-bitcode-tool /Applications/Xcode_16.4.app/Contents/Developer/Toolchains/XcodeDefault.xctoolchain/usr/bin/bitcode_strip --emit-dependency-info /tmp/wmsuite/build/WearMemoryDerived/Build/Intermediates.noindex/WearMemorySuite.build/Release-iphoneos/WearMemory.build/SwiftStdLibToolInputDependencies.dep --filter-for-swift-os
Ignoring --strip-bitcode because --sign was not passed

GenerateDSYMFile /tmp/wmsuite/build/WearMemoryDerived/Build/Products/Release-iphoneos/WearMemory.app.dSYM /tmp/wmsuite/build/WearMemoryDerived/Build/Products/Release-iphoneos/WearMemory.app/WearMemory (in target 'WearMemory' from project 'WearMemorySuite')
    cd /tmp/wmsuite
    /Applications/Xcode_16.4.app/Contents/Developer/Toolchains/XcodeDefault.xctoolchain/usr/bin/dsymutil /tmp/wmsuite/build/WearMemoryDerived/Build/Products/Release-iphoneos/WearMemory.app/WearMemory -o /tmp/wmsuite/build/WearMemoryDerived/Build/Products/Release-iphoneos/WearMemory.app.dSYM

ExtractAppIntentsMetadata (in target 'WearMemory' from project 'WearMemorySuite')
    cd /tmp/wmsuite
    /Applications/Xcode_16.4.app/Contents/Developer/Toolchains/XcodeDefault.xctoolchain/usr/bin/appintentsmetadataprocessor --toolchain-dir /Applications/Xcode_16.4.app/Contents/Developer/Toolchains/XcodeDefault.xctoolchain --module-name WearMemory --sdk-root /Applications/Xcode_16.4.app/Contents/Developer/Platforms/iPhoneOS.platform/Developer/SDKs/iPhoneOS18.5.sdk --xcode-version 16F6 --platform-family iOS --deployment-target 15.0 --bundle-identifier local.pavel.WearMemory --output /tmp/wmsuite/build/WearMemoryDerived/Build/Products/Release-iphoneos/WearMemory.app --target-triple arm64-apple-ios15.0 --binary-file /tmp/wmsuite/build/WearMemoryDerived/Build/Products/Release-iphoneos/WearMemory.app/WearMemory --dependency-file /tmp/wmsuite/build/WearMemoryDerived/Build/Intermediates.noindex/WearMemorySuite.build/Release-iphoneos/WearMemory.build/Objects-normal/arm64/WearMemory_dependency_info.dat --stringsdata-file /tmp/wmsuite/build/WearMemoryDerived/Build/Intermediates.noindex/WearMemorySuite.build/Release-iphoneos/WearMemory.build/Objects-normal/arm64/ExtractedAppShortcutsMetadata.stringsdata --source-file-list /tmp/wmsuite/build/WearMemoryDerived/Build/Intermediates.noindex/WearMemorySuite.build/Release-iphoneos/WearMemory.build/Objects-normal/arm64/WearMemory.SwiftFileList --metadata-file-list /tmp/wmsuite/build/WearMemoryDerived/Build/Intermediates.noindex/WearMemorySuite.build/Release-iphoneos/WearMemory.build/WearMemory.DependencyMetadataFileList --static-metadata-file-list /tmp/wmsuite/build/WearMemoryDerived/Build/Intermediates.noindex/WearMemorySuite.build/Release-iphoneos/WearMemory.build/WearMemory.DependencyStaticMetadataFileList --swift-const-vals-list /tmp/wmsuite/build/WearMemoryDerived/Build/Intermediates.noindex/WearMemorySuite.build/Release-iphoneos/WearMemory.build/Objects-normal/arm64/WearMemory.SwiftConstValuesFileList --compile-time-extraction --deployment-aware-processing --validate-assistant-intents --no-app-shortcuts-localization
2026-08-20 20:29:54.149 appintentsmetadataprocessor[4866:18421] Starting appintentsmetadataprocessor export
2026-08-20 20:29:54.154 appintentsmetadataprocessor[4866:18421] warning: Metadata extraction skipped. No AppIntents.framework dependency found.

AppIntentsSSUTraining (in target 'WearMemory' from project 'WearMemorySuite')
    cd /tmp/wmsuite
    /Applications/Xcode_16.4.app/Contents/Developer/Toolchains/XcodeDefault.xctoolchain/usr/bin/appintentsnltrainingprocessor --infoplist-path /tmp/wmsuite/build/WearMemoryDerived/Build/Products/Release-iphoneos/WearMemory.app/Info.plist --temp-dir-path /tmp/wmsuite/build/WearMemoryDerived/Build/Intermediates.noindex/WearMemorySuite.build/Release-iphoneos/WearMemory.build/ssu --bundle-id local.pavel.WearMemory --product-path /tmp/wmsuite/build/WearMemoryDerived/Build/Products/Release-iphoneos/WearMemory.app --extracted-metadata-path /tmp/wmsuite/build/WearMemoryDerived/Build/Products/Release-iphoneos/WearMemory.app/Metadata.appintents --metadata-file-list /tmp/wmsuite/build/WearMemoryDerived/Build/Intermediates.noindex/WearMemorySuite.build/Release-iphoneos/WearMemory.build/WearMemory.DependencyMetadataFileList --archive-ssu-assets
2026-08-20 20:29:54.184 appintentsnltrainingprocessor[4867:18427] Parsing options for appintentsnltrainingprocessor
2026-08-20 20:29:54.185 appintentsnltrainingprocessor[4867:18427] No AppShortcuts found - Skipping.

RegisterExecutionPolicyException /tmp/wmsuite/build/WearMemoryDerived/Build/Products/Release-iphoneos/WearMemory.app (in target 'WearMemory' from project 'WearMemorySuite')
    cd /tmp/wmsuite
    builtin-RegisterExecutionPolicyException /tmp/wmsuite/build/WearMemoryDerived/Build/Products/Release-iphoneos/WearMemory.app

Validate /tmp/wmsuite/build/WearMemoryDerived/Build/Products/Release-iphoneos/WearMemory.app (in target 'WearMemory' from project 'WearMemorySuite')
    cd /tmp/wmsuite
    builtin-validationUtility /tmp/wmsuite/build/WearMemoryDerived/Build/Products/Release-iphoneos/WearMemory.app -infoplist-subpath Info.plist

Touch /tmp/wmsuite/build/WearMemoryDerived/Build/Products/Release-iphoneos/WearMemory.app (in target 'WearMemory' from project 'WearMemorySuite')
    cd /tmp/wmsuite
    /usr/bin/touch -c /tmp/wmsuite/build/WearMemoryDerived/Build/Products/Release-iphoneos/WearMemory.app

note: Disabling previews because SWIFT_VERSION is set and SWIFT_OPTIMIZATION_LEVEL=-O, expected -Onone (in target 'WearMemory' from project 'WearMemorySuite')
** BUILD SUCCEEDED **

